// Jest Snapshot v1, https://goo.gl/fbAQLP

exports[`Bedrock Agents Agent matches snapshot 1`] = `
{
  "Conditions": {
    "KBKBVectorsIsDataAccessPolicyNotEmptyA6892421": {
      "Fn::Not": [
        {
          "Fn::Equals": [
            "[]",
            {
              "Fn::Join": [
                "",
                [
                  "[{"Rules":[{"Resource":["collection/vectorstore-c83d9152"],"Permission":["aoss:DescribeCollectionItems","aoss:CreateCollectionItems","aoss:UpdateCollectionItems"],"ResourceType":"collection"},{"Resource":["index/vectorstore-c83d9152/*"],"Permission":["aoss:UpdateIndex","aoss:DescribeIndex","aoss:ReadDocument","aoss:WriteDocument","aoss:CreateIndex"],"ResourceType":"index"}],"Principal":["",
                  {
                    "Fn::GetAtt": [
                      "KBRole081DC46D",
                      "Arn",
                    ],
                  },
                  ""],"Description":""}]",
                ],
              ],
            },
          ],
        },
      ],
    },
  },
  "Parameters": {
    "BootstrapVersion": {
      "Default": "/cdk-bootstrap/hnb659fds/version",
      "Description": "Version of the CDK Bootstrap resources in this environment, automatically retrieved from SSM Parameter Store. [cdk:skip]",
      "Type": "AWS::SSM::Parameter::Value<String>",
    },
  },
  "Resources": {
    "AOSSCRProviderCRRole52D2573C": {
      "Metadata": {
        "cdk_nag": {
          "rules_to_suppress": [
            {
              "id": "AwsSolutions-IAM4",
              "reason": "CDK CustomResource Lambda uses the AWSLambdaBasicExecutionRole AWS Managed Policy.",
            },
          ],
        },
      },
      "Properties": {
        "AssumeRolePolicyDocument": {
          "Statement": [
            {
              "Action": "sts:AssumeRole",
              "Effect": "Allow",
              "Principal": {
                "Service": "lambda.amazonaws.com",
              },
            },
          ],
          "Version": "2012-10-17",
        },
        "ManagedPolicyArns": [
          {
            "Fn::Join": [
              "",
              [
                "arn:",
                {
                  "Ref": "AWS::Partition",
                },
                ":iam::aws:policy/service-role/AWSLambdaBasicExecutionRole",
              ],
            ],
          },
          {
            "Ref": "KBKBVectorsAOSSApiAccessAllB0CB4242",
          },
        ],
      },
      "Type": "AWS::IAM::Role",
    },
    "AOSSCRProviderCustomResourcesFunctionDE12A63E": {
      "DependsOn": [
        "AOSSCRProviderCRRole52D2573C",
      ],
      "Properties": {
        "Code": {
          "ZipFile": "mockCode",
        },
        "Description": "Custom Resource Provider",
        "Handler": "custom_resources.on_event",
        "MemorySize": 128,
        "Role": {
          "Fn::GetAtt": [
            "AOSSCRProviderCRRole52D2573C",
            "Arn",
          ],
        },
        "Runtime": "python3.12",
        "Timeout": 900,
      },
      "Type": "AWS::Lambda::Function",
    },
    "AOSSCRProviderCustomResourcesFunctionLogRetention77F0ABDA": {
      "Properties": {
        "LogGroupName": {
          "Fn::Join": [
            "",
            [
              "/aws/lambda/",
              {
                "Ref": "AOSSCRProviderCustomResourcesFunctionDE12A63E",
              },
            ],
          ],
        },
        "RetentionInDays": 7,
        "ServiceToken": {
          "Fn::GetAtt": [
            "LogRetentionaae0aa3c5b4d4f87b02d85b201efdd8aFD4BFC8A",
            "Arn",
          ],
        },
      },
      "Type": "Custom::LogRetention",
    },
    "AOSSCRProviderProviderRole736813AB": {
      "Metadata": {
        "cdk_nag": {
          "rules_to_suppress": [
            {
              "id": "AwsSolutions-IAM4",
              "reason": "CDK CustomResource Lambda uses the AWSLambdaBasicExecutionRole AWS Managed Policy.",
            },
            {
              "applies_to": [
                {
                  "regex": "/^Resource::<AOSSCRProviderCustomResourcesFunction[A-Z0-9]+\\.Arn>:\\*$/g",
                },
              ],
              "id": "AwsSolutions-IAM5",
              "reason": "CDK CustomResource Provider has a wildcard to invoke any version of the specific Custom Resource function.",
            },
          ],
        },
      },
      "Properties": {
        "AssumeRolePolicyDocument": {
          "Statement": [
            {
              "Action": "sts:AssumeRole",
              "Effect": "Allow",
              "Principal": {
                "Service": "lambda.amazonaws.com",
              },
            },
          ],
          "Version": "2012-10-17",
        },
        "ManagedPolicyArns": [
          {
            "Fn::Join": [
              "",
              [
                "arn:",
                {
                  "Ref": "AWS::Partition",
                },
                ":iam::aws:policy/service-role/AWSLambdaBasicExecutionRole",
              ],
            ],
          },
        ],
      },
      "Type": "AWS::IAM::Role",
    },
    "AOSSCRProviderProviderRoleDefaultPolicyED4F4ACE": {
      "Metadata": {
        "cdk_nag": {
          "rules_to_suppress": [
            {
              "applies_to": [
                {
                  "regex": "/^Resource::<AOSSCRProviderCustomResourcesFunction[A-Z0-9]+\\.Arn>:\\*$/g",
                },
              ],
              "id": "AwsSolutions-IAM5",
              "reason": "CDK CustomResource Provider has a wildcard to invoke any version of the specific Custom Resource function.",
            },
          ],
        },
      },
      "Properties": {
        "PolicyDocument": {
          "Statement": [
            {
              "Action": "lambda:InvokeFunction",
              "Effect": "Allow",
              "Resource": [
                {
                  "Fn::GetAtt": [
                    "AOSSCRProviderCustomResourcesFunctionDE12A63E",
                    "Arn",
                  ],
                },
                {
                  "Fn::Join": [
                    "",
                    [
                      {
                        "Fn::GetAtt": [
                          "AOSSCRProviderCustomResourcesFunctionDE12A63E",
                          "Arn",
                        ],
                      },
                      ":*",
                    ],
                  ],
                },
              ],
            },
          ],
          "Version": "2012-10-17",
        },
        "PolicyName": "AOSSCRProviderProviderRoleDefaultPolicyED4F4ACE",
        "Roles": [
          {
            "Ref": "AOSSCRProviderProviderRole736813AB",
          },
        ],
      },
      "Type": "AWS::IAM::Policy",
    },
    "AOSSCRProviderframeworkonEvent8EC7CF0A": {
      "DependsOn": [
        "AOSSCRProviderProviderRoleDefaultPolicyED4F4ACE",
        "AOSSCRProviderProviderRole736813AB",
      ],
      "Metadata": {
        "cdk_nag": {
          "rules_to_suppress": [
            {
              "id": "AwsSolutions-L1",
              "reason": "Lambda runtime version is managed upstream by CDK.",
            },
          ],
        },
      },
      "Properties": {
        "Code": {
          "ZipFile": "mockCode",
        },
        "Description": "AWS CDK resource provider framework - onEvent (test-stack/AOSSCRProvider/Provider)",
        "Environment": {
          "Variables": {
            "USER_ON_EVENT_FUNCTION_ARN": {
              "Fn::GetAtt": [
                "AOSSCRProviderCustomResourcesFunctionDE12A63E",
                "Arn",
              ],
            },
          },
        },
        "Handler": "framework.onEvent",
        "Role": {
          "Fn::GetAtt": [
            "AOSSCRProviderProviderRole736813AB",
            "Arn",
          ],
        },
        "Runtime": "nodejs18.x",
        "Timeout": 900,
      },
      "Type": "AWS::Lambda::Function",
    },
    "AOSSCRProviderframeworkonEventLogRetention38AE751E": {
      "Properties": {
        "LogGroupName": {
          "Fn::Join": [
            "",
            [
              "/aws/lambda/",
              {
                "Ref": "AOSSCRProviderframeworkonEvent8EC7CF0A",
              },
            ],
          ],
        },
        "RetentionInDays": 7,
        "ServiceToken": {
          "Fn::GetAtt": [
            "LogRetentionaae0aa3c5b4d4f87b02d85b201efdd8aFD4BFC8A",
            "Arn",
          ],
        },
      },
      "Type": "Custom::LogRetention",
    },
    "AgentAgentCRPolicy805C7219": {
      "Metadata": {
        "cdk_nag": {
          "rules_to_suppress": [
            {
              "id": "AwsSolutions-IAM5",
              "reason": "Bedrock CreateAgent can't be restricted by resource.",
            },
          ],
        },
      },
      "Properties": {
        "PolicyDocument": {
          "Statement": [
            {
              "Action": "iam:PassRole",
              "Effect": "Allow",
              "Resource": {
                "Fn::GetAtt": [
                  "AgentRole9D587F56",
                  "Arn",
                ],
              },
            },
            {
              "Action": "bedrock:CreateAgent",
              "Effect": "Allow",
              "Resource": "*",
            },
            {
              "Action": [
                "bedrock:DeleteAgent",
                "bedrock:UpdateAgent",
              ],
              "Effect": "Allow",
              "Resource": {
                "Fn::Join": [
                  "",
                  [
                    "arn:",
                    {
                      "Ref": "AWS::Partition",
                    },
                    ":bedrock:us-east-1:123456789012:agent/*",
                  ],
                ],
              },
            },
          ],
          "Version": "2012-10-17",
        },
        "PolicyName": "AgentAgentCRPolicy805C7219",
        "Roles": [
          {
            "Ref": "BedrockCRProviderCRRole90406B17",
          },
        ],
      },
      "Type": "AWS::IAM::Policy",
    },
    "AgentAgentFMPolicyF0794CB5": {
      "Properties": {
        "PolicyDocument": {
          "Statement": [
            {
              "Action": "bedrock:InvokeModel",
              "Effect": "Allow",
              "Resource": "arn:aws:bedrock:us-east-1::foundation-model/anthropic.claude-v2:1",
            },
          ],
          "Version": "2012-10-17",
        },
        "PolicyName": "AgentAgentFMPolicyF0794CB5",
        "Roles": [
          {
            "Ref": "AgentRole9D587F56",
          },
        ],
      },
      "Type": "AWS::IAM::Policy",
    },
    "AgentAgentKBPolicy9EC0712A": {
      "Properties": {
        "PolicyDocument": {
          "Statement": [
            {
              "Action": "bedrock:UpdateKnowledgeBase",
              "Effect": "Allow",
              "Resource": {
                "Fn::GetAtt": [
                  "KBRole081DC46D",
                  "Arn",
                ],
              },
            },
          ],
          "Version": "2012-10-17",
        },
        "PolicyName": "AgentAgentKBPolicy9EC0712A",
        "Roles": [
          {
            "Ref": "AgentRole9D587F56",
          },
        ],
      },
      "Type": "AWS::IAM::Policy",
    },
    "AgentAlias350FEF31": {
      "DeletionPolicy": "Delete",
      "DependsOn": [
        "AgentAliasCRPolicy2F192746",
        "BedrockCRProviderCRRole90406B17",
        "BedrockCRProviderCustomResourcesFunctionLogRetention32CED555",
        "BedrockCRProviderCustomResourcesFunction9A70E3A5",
        "BedrockCRProviderframeworkonEventLogRetention862855F3",
        "BedrockCRProviderframeworkonEvent412F4EF1",
        "BedrockCRProviderProviderRoleDefaultPolicy517A1A7C",
        "BedrockCRProviderProviderRoleE6EBD17C",
      ],
      "Properties": {
        "ServiceToken": {
          "Fn::GetAtt": [
            "BedrockCRProviderframeworkonEvent412F4EF1",
            "Arn",
          ],
        },
        "agentId": {
          "Fn::GetAtt": [
            "AgentD78B2CA1",
            "agentId",
          ],
        },
        "changeIds": [
          {
            "Fn::GetAtt": [
              "AgentD78B2CA1",
              "changeId",
            ],
          },
          {
            "Fn::GetAtt": [
              "AgentKBAssockb32e548d8CC5F7D6E",
              "changeId",
            ],
          },
        ],
      },
      "Type": "Custom::Bedrock-AgentAlias",
      "UpdateReplacePolicy": "Delete",
    },
    "AgentAliasCRPolicy2F192746": {
      "Metadata": {
        "cdk_nag": {
          "rules_to_suppress": [
            {
              "id": "AwsSolutions-IAM5",
              "reason": "Bedrock Agent/Alias associations have wildcards restricted to agents and aliases in the account.",
            },
          ],
        },
      },
      "Properties": {
        "PolicyDocument": {
          "Statement": [
            {
              "Action": [
                "bedrock:CreateAgentAlias",
                "bedrock:UpdateAgentAlias",
                "bedrock:DeleteAgentAlias",
                "bedrock:PrepareAgent",
                "bedrock:ListAgentVersions",
                "bedrock:DeleteAgentVersion",
                "bedrock:GetAgent",
              ],
              "Effect": "Allow",
              "Resource": [
                {
                  "Fn::Join": [
                    "",
                    [
                      "arn:",
                      {
                        "Ref": "AWS::Partition",
                      },
                      ":bedrock:us-east-1:123456789012:agent-alias/*",
                    ],
                  ],
                },
                {
                  "Fn::Join": [
                    "",
                    [
                      "arn:",
                      {
                        "Ref": "AWS::Partition",
                      },
                      ":bedrock:us-east-1:123456789012:agent/*",
                    ],
                  ],
                },
              ],
            },
          ],
          "Version": "2012-10-17",
        },
        "PolicyName": "AgentAliasCRPolicy2F192746",
        "Roles": [
          {
            "Ref": "BedrockCRProviderCRRole90406B17",
          },
        ],
      },
      "Type": "AWS::IAM::Policy",
    },
    "AgentD78B2CA1": {
      "DeletionPolicy": "Delete",
      "DependsOn": [
        "AgentAgentCRPolicy805C7219",
        "BedrockCRProviderCRRole90406B17",
        "BedrockCRProviderCustomResourcesFunctionLogRetention32CED555",
        "BedrockCRProviderCustomResourcesFunction9A70E3A5",
        "BedrockCRProviderframeworkonEventLogRetention862855F3",
        "BedrockCRProviderframeworkonEvent412F4EF1",
        "BedrockCRProviderProviderRoleDefaultPolicy517A1A7C",
        "BedrockCRProviderProviderRoleE6EBD17C",
      ],
      "Properties": {
        "ServiceToken": {
          "Fn::GetAtt": [
            "BedrockCRProviderframeworkonEvent412F4EF1",
            "Arn",
          ],
        },
        "agentName": "bedrock-agent-2c1f0762",
        "agentResourceRoleArn": {
          "Fn::GetAtt": [
            "AgentRole9D587F56",
            "Arn",
          ],
        },
        "foundationModel": "anthropic.claude-v2:1",
        "idleSessionTTLInSeconds": 1800,
        "instruction": "You provide support for developers working with CDK constructs.",
        "promptOverrideConfiguration": {
          "promptConfigurations": [
            {
              "basePromptTemplate": "This prompt is disabled.",
              "inferenceConfiguration": {
                "maximumLength": 0,
                "stopSequences": [],
                "temperature": 0,
                "topK": 0,
                "topP": 1,
              },
              "promptCreationMode": "OVERRIDDEN",
              "promptState": "DISABLED",
              "promptType": "PRE_PROCESSING",
            },
            {
              "basePromptTemplate": "This prompt is enabled.",
              "inferenceConfiguration": {
                "maximumLength": 2048,
                "stopSequences": [
                  "</function_call>",
                  "</answer>",
                  "</error>",
                ],
                "temperature": 0,
                "topK": 250,
                "topP": 1,
              },
              "promptCreationMode": "OVERRIDDEN",
              "promptState": "ENABLED",
              "promptType": "ORCHESTRATION",
            },
          ],
        },
      },
      "Type": "Custom::Bedrock-Agent",
      "UpdateReplacePolicy": "Delete",
    },
    "AgentKBAssocCRPolicy83FB14ED": {
      "Metadata": {
        "cdk_nag": {
          "rules_to_suppress": [
            {
              "id": "AwsSolutions-IAM5",
              "reason": "Bedrock Agent/KB associations have wildcards restricted to agents and kbs in the account.",
            },
          ],
        },
      },
      "Properties": {
        "PolicyDocument": {
          "Statement": [
            {
              "Action": [
                "bedrock:AssociateAgentKnowledgeBase",
                "bedrock:UpdateAgentKnowledgeBase",
                "bedrock:DisassociateAgentKnowledgeBase",
              ],
              "Effect": "Allow",
              "Resource": [
                {
                  "Fn::Join": [
                    "",
                    [
                      "arn:",
                      {
                        "Ref": "AWS::Partition",
                      },
                      ":bedrock:us-east-1:123456789012:agent/*",
                    ],
                  ],
                },
                {
                  "Fn::Join": [
                    "",
                    [
                      "arn:",
                      {
                        "Ref": "AWS::Partition",
                      },
                      ":bedrock:us-east-1:123456789012:knowledge-base/*",
                    ],
                  ],
                },
              ],
            },
          ],
          "Version": "2012-10-17",
        },
        "PolicyName": "AgentKBAssocCRPolicy83FB14ED",
        "Roles": [
          {
            "Ref": "BedrockCRProviderCRRole90406B17",
          },
        ],
      },
      "Type": "AWS::IAM::Policy",
    },
    "AgentKBAssockb32e548d8CC5F7D6E": {
      "DeletionPolicy": "Delete",
      "DependsOn": [
        "AgentKBAssocCRPolicy83FB14ED",
        "BedrockCRProviderCRRole90406B17",
        "BedrockCRProviderCustomResourcesFunctionLogRetention32CED555",
        "BedrockCRProviderCustomResourcesFunction9A70E3A5",
        "BedrockCRProviderframeworkonEventLogRetention862855F3",
        "BedrockCRProviderframeworkonEvent412F4EF1",
        "BedrockCRProviderProviderRoleDefaultPolicy517A1A7C",
        "BedrockCRProviderProviderRoleE6EBD17C",
      ],
      "Properties": {
        "ServiceToken": {
          "Fn::GetAtt": [
            "BedrockCRProviderframeworkonEvent412F4EF1",
            "Arn",
          ],
        },
        "agentId": {
          "Fn::GetAtt": [
            "AgentD78B2CA1",
            "agentId",
          ],
        },
        "description": "Documentation about CDK constructs.",
        "knowledgeBaseId": {
          "Fn::GetAtt": [
            "KBAD2CEA58",
            "knowledgeBaseId",
          ],
        },
      },
      "Type": "Custom::Bedrock-AgentKnowledgeBase",
      "UpdateReplacePolicy": "Delete",
    },
    "AgentRole9D587F56": {
      "Properties": {
        "AssumeRolePolicyDocument": {
          "Statement": [
            {
              "Action": "sts:AssumeRole",
              "Effect": "Allow",
              "Principal": {
                "Service": "bedrock.amazonaws.com",
              },
            },
            {
              "Action": "sts:AssumeRole",
              "Condition": {
                "ArnLike": {
                  "aws:SourceArn": {
                    "Fn::Join": [
                      "",
                      [
                        "arn:",
                        {
                          "Ref": "AWS::Partition",
                        },
                        ":bedrock:us-east-1:123456789012:agent/*",
                      ],
                    ],
                  },
                },
                "StringEquals": {
                  "aws:SourceAccount": "123456789012",
                },
              },
              "Effect": "Allow",
              "Principal": {
                "Service": "bedrock.amazonaws.com",
              },
            },
          ],
          "Version": "2012-10-17",
        },
        "RoleName": "amazonbedrockexecutionroleforagents_bedrock-at-2c1f0762-2c1f0762",
      },
      "Type": "AWS::IAM::Role",
    },
    "BedrockCRProviderCRRole90406B17": {
      "Metadata": {
        "cdk_nag": {
          "rules_to_suppress": [
            {
              "id": "AwsSolutions-IAM4",
              "reason": "CDK CustomResource Lambda uses the AWSLambdaBasicExecutionRole AWS Managed Policy.",
            },
          ],
        },
      },
      "Properties": {
        "AssumeRolePolicyDocument": {
          "Statement": [
            {
              "Action": "sts:AssumeRole",
              "Effect": "Allow",
              "Principal": {
                "Service": "lambda.amazonaws.com",
              },
            },
          ],
          "Version": "2012-10-17",
        },
        "ManagedPolicyArns": [
          {
            "Fn::Join": [
              "",
              [
                "arn:",
                {
                  "Ref": "AWS::Partition",
                },
                ":iam::aws:policy/service-role/AWSLambdaBasicExecutionRole",
              ],
            ],
          },
        ],
      },
      "Type": "AWS::IAM::Role",
    },
    "BedrockCRProviderCustomResourcesFunction9A70E3A5": {
      "DependsOn": [
        "BedrockCRProviderCRRole90406B17",
      ],
      "Properties": {
        "Code": {
          "ZipFile": "mockCode",
        },
        "Description": "Custom Resource Provider",
        "Handler": "custom_resources.on_event",
        "MemorySize": 128,
        "Role": {
          "Fn::GetAtt": [
            "BedrockCRProviderCRRole90406B17",
            "Arn",
          ],
        },
        "Runtime": "python3.12",
        "Timeout": 900,
      },
      "Type": "AWS::Lambda::Function",
    },
    "BedrockCRProviderCustomResourcesFunctionLogRetention32CED555": {
      "Properties": {
        "LogGroupName": {
          "Fn::Join": [
            "",
            [
              "/aws/lambda/",
              {
                "Ref": "BedrockCRProviderCustomResourcesFunction9A70E3A5",
              },
            ],
          ],
        },
        "RetentionInDays": 7,
        "ServiceToken": {
          "Fn::GetAtt": [
            "LogRetentionaae0aa3c5b4d4f87b02d85b201efdd8aFD4BFC8A",
            "Arn",
          ],
        },
      },
      "Type": "Custom::LogRetention",
    },
    "BedrockCRProviderProviderRoleDefaultPolicy517A1A7C": {
      "Metadata": {
        "cdk_nag": {
          "rules_to_suppress": [
            {
              "applies_to": [
                {
                  "regex": "/^Resource::<BedrockCRProviderCustomResourcesFunction[A-Z0-9]+\\.Arn>:\\*$/g",
                },
              ],
              "id": "AwsSolutions-IAM5",
              "reason": "CDK CustomResource Provider has a wildcard to invoke any version of the specific Custom Resource function.",
            },
          ],
        },
      },
      "Properties": {
        "PolicyDocument": {
          "Statement": [
            {
              "Action": "lambda:InvokeFunction",
              "Effect": "Allow",
              "Resource": [
                {
                  "Fn::GetAtt": [
                    "BedrockCRProviderCustomResourcesFunction9A70E3A5",
                    "Arn",
                  ],
                },
                {
                  "Fn::Join": [
                    "",
                    [
                      {
                        "Fn::GetAtt": [
                          "BedrockCRProviderCustomResourcesFunction9A70E3A5",
                          "Arn",
                        ],
                      },
                      ":*",
                    ],
                  ],
                },
              ],
            },
          ],
          "Version": "2012-10-17",
        },
        "PolicyName": "BedrockCRProviderProviderRoleDefaultPolicy517A1A7C",
        "Roles": [
          {
            "Ref": "BedrockCRProviderProviderRoleE6EBD17C",
          },
        ],
      },
      "Type": "AWS::IAM::Policy",
    },
    "BedrockCRProviderProviderRoleE6EBD17C": {
      "Metadata": {
        "cdk_nag": {
          "rules_to_suppress": [
            {
              "id": "AwsSolutions-IAM4",
              "reason": "CDK CustomResource Lambda uses the AWSLambdaBasicExecutionRole AWS Managed Policy.",
            },
            {
              "applies_to": [
                {
                  "regex": "/^Resource::<BedrockCRProviderCustomResourcesFunction[A-Z0-9]+\\.Arn>:\\*$/g",
                },
              ],
              "id": "AwsSolutions-IAM5",
              "reason": "CDK CustomResource Provider has a wildcard to invoke any version of the specific Custom Resource function.",
            },
          ],
        },
      },
      "Properties": {
        "AssumeRolePolicyDocument": {
          "Statement": [
            {
              "Action": "sts:AssumeRole",
              "Effect": "Allow",
              "Principal": {
                "Service": "lambda.amazonaws.com",
              },
            },
          ],
          "Version": "2012-10-17",
        },
        "ManagedPolicyArns": [
          {
            "Fn::Join": [
              "",
              [
                "arn:",
                {
                  "Ref": "AWS::Partition",
                },
                ":iam::aws:policy/service-role/AWSLambdaBasicExecutionRole",
              ],
            ],
          },
        ],
      },
      "Type": "AWS::IAM::Role",
    },
    "BedrockCRProviderframeworkonEvent412F4EF1": {
      "DependsOn": [
        "BedrockCRProviderProviderRoleDefaultPolicy517A1A7C",
        "BedrockCRProviderProviderRoleE6EBD17C",
      ],
      "Metadata": {
        "cdk_nag": {
          "rules_to_suppress": [
            {
              "id": "AwsSolutions-L1",
              "reason": "Lambda runtime version is managed upstream by CDK.",
            },
          ],
        },
      },
      "Properties": {
        "Code": {
          "ZipFile": "mockCode",
        },
        "Description": "AWS CDK resource provider framework - onEvent (test-stack/BedrockCRProvider/Provider)",
        "Environment": {
          "Variables": {
            "USER_ON_EVENT_FUNCTION_ARN": {
              "Fn::GetAtt": [
                "BedrockCRProviderCustomResourcesFunction9A70E3A5",
                "Arn",
              ],
            },
          },
        },
        "Handler": "framework.onEvent",
        "Role": {
          "Fn::GetAtt": [
            "BedrockCRProviderProviderRoleE6EBD17C",
            "Arn",
          ],
        },
        "Runtime": "nodejs18.x",
        "Timeout": 900,
      },
      "Type": "AWS::Lambda::Function",
    },
    "BedrockCRProviderframeworkonEventLogRetention862855F3": {
      "Properties": {
        "LogGroupName": {
          "Fn::Join": [
            "",
            [
              "/aws/lambda/",
              {
                "Ref": "BedrockCRProviderframeworkonEvent412F4EF1",
              },
            ],
          ],
        },
        "RetentionInDays": 7,
        "ServiceToken": {
          "Fn::GetAtt": [
            "LogRetentionaae0aa3c5b4d4f87b02d85b201efdd8aFD4BFC8A",
            "Arn",
          ],
        },
      },
      "Type": "Custom::LogRetention",
    },
    "DataSource152DC04E": {
      "DeletionPolicy": "Delete",
      "DependsOn": [
        "DataSourceDataSourceCRPolicy2053E4BF",
      ],
      "Properties": {
        "ServiceToken": {
          "Fn::GetAtt": [
            "BedrockCRProviderframeworkonEvent412F4EF1",
            "Arn",
          ],
        },
        "dataSourceConfiguration": {
          "s3Configuration": {
            "bucketArn": {
              "Fn::GetAtt": [
                "DocBucket01E283E8",
                "Arn",
              ],
            },
          },
          "type": "S3",
        },
        "knowledgeBaseId": {
          "Fn::GetAtt": [
            "KBAD2CEA58",
            "knowledgeBaseId",
          ],
        },
        "name": "test-docs",
        "vectorIngestionConfiguration": {},
      },
      "Type": "Custom::Bedrock-DataSource",
      "UpdateReplacePolicy": "Delete",
    },
    "DataSourceDataSourceCRPolicy2053E4BF": {
      "Metadata": {
        "cdk_nag": {
          "rules_to_suppress": [
            {
              "id": "AwsSolutions-IAM5",
              "reason": "Bedrock CreateDataSource uses wildcards to access any object in the specified bucket. A weird race condition makes CreateDataSource fail due to permissions on the first attempt. Permitting CreateDataSource on all KnowledgeBases allows CFN to deploy this policy earlier and avoid the race.",
            },
          ],
        },
      },
      "Properties": {
        "PolicyDocument": {
          "Statement": [
            {
              "Action": [
                "bedrock:CreateDataSource",
                "bedrock:DeleteDataSource",
                "bedrock:UpdateDataSource",
              ],
              "Effect": "Allow",
              "Resource": {
                "Fn::Join": [
                  "",
                  [
                    "arn:",
                    {
                      "Ref": "AWS::Partition",
                    },
                    ":bedrock:us-east-1:123456789012:knowledge-base/*",
                  ],
                ],
              },
            },
            {
              "Action": [
                "s3:GetObject",
                "s3:ListBucket",
              ],
              "Effect": "Allow",
              "Resource": [
                {
                  "Fn::GetAtt": [
                    "DocBucket01E283E8",
                    "Arn",
                  ],
                },
                {
                  "Fn::Join": [
                    "",
                    [
                      {
                        "Fn::GetAtt": [
                          "DocBucket01E283E8",
                          "Arn",
                        ],
                      },
                      "/*",
                    ],
                  ],
                },
              ],
            },
          ],
          "Version": "2012-10-17",
        },
        "PolicyName": "DataSourceDataSourceCRPolicy2053E4BF",
        "Roles": [
          {
            "Ref": "BedrockCRProviderCRRole90406B17",
          },
        ],
      },
      "Type": "AWS::IAM::Policy",
    },
    "DocBucket01E283E8": {
      "DeletionPolicy": "Retain",
      "Type": "AWS::S3::Bucket",
      "UpdateReplacePolicy": "Retain",
    },
    "KBAD2CEA58": {
      "DeletionPolicy": "Delete",
      "DependsOn": [
        "KBKBCRPolicy1B1408B9",
        "KBKBIndexVectorIndexB98E4DB1",
        "KBRoleDefaultPolicy1639354E",
        "KBRole081DC46D",
      ],
      "Properties": {
        "ServiceToken": {
          "Fn::GetAtt": [
            "BedrockCRProviderframeworkonEvent412F4EF1",
            "Arn",
          ],
        },
        "description": "Documentation about CDK constructs.",
        "knowledgeBaseConfiguration": {
          "type": "VECTOR",
          "vectorKnowledgeBaseConfiguration": {
            "embeddingModelArn": "arn:aws:bedrock:us-east-1::foundation-model/amazon.titan-embed-text-v1",
          },
        },
        "name": "kb-32e548d8",
        "roleArn": {
          "Fn::GetAtt": [
            "KBRole081DC46D",
            "Arn",
          ],
        },
        "storageConfiguration": {
          "opensearchServerlessConfiguration": {
            "collectionArn": {
              "Fn::GetAtt": [
                "KBKBVectorsVectorCollectionFFF498C9",
                "Arn",
              ],
            },
            "fieldMapping": {
              "metadataField": "AMAZON_BEDROCK_METADATA",
              "textField": "AMAZON_BEDROCK_TEXT_CHUNK",
              "vectorField": "bedrock-knowledge-base-default-vector",
            },
            "vectorIndexName": "bedrock-knowledge-base-default-index",
          },
          "type": "OPENSEARCH_SERVERLESS",
        },
      },
      "Type": "Custom::Bedrock-KnowledgeBase",
      "UpdateReplacePolicy": "Delete",
    },
    "KBKBCRPolicy1B1408B9": {
      "Metadata": {
        "cdk_nag": {
          "rules_to_suppress": [
            {
              "id": "AwsSolutions-IAM5",
              "reason": "Bedrock CreateKnowledgeBase can't be restricted by resource.",
            },
          ],
        },
      },
      "Properties": {
        "PolicyDocument": {
          "Statement": [
            {
              "Action": "bedrock:CreateKnowledgeBase",
              "Effect": "Allow",
              "Resource": "*",
            },
            {
              "Action": [
                "bedrock:UpdateKnowledgeBase",
                "bedrock:DeleteKnowledgeBase",
              ],
              "Effect": "Allow",
              "Resource": "*",
            },
            {
              "Action": "iam:PassRole",
              "Effect": "Allow",
              "Resource": {
                "Fn::GetAtt": [
                  "KBRole081DC46D",
                  "Arn",
                ],
              },
            },
          ],
          "Version": "2012-10-17",
        },
        "PolicyName": "KBKBCRPolicy1B1408B9",
        "Roles": [
          {
            "Ref": "BedrockCRProviderCRRole90406B17",
          },
        ],
      },
      "Type": "AWS::IAM::Policy",
    },
    "KBKBIndexVectorIndexB98E4DB1": {
      "DeletionPolicy": "Delete",
      "DependsOn": [
        "KBKBVectorsDataAccessPolicyA8410509",
        "KBKBVectorsManageIndexPolicyC803ADF2",
        "KBKBVectorsVectorCollectionFFF498C9",
      ],
      "Properties": {
        "Dimensions": 1536,
        "Endpoint": {
          "Fn::Join": [
            "",
            [
              {
                "Fn::GetAtt": [
                  "KBKBVectorsVectorCollectionFFF498C9",
                  "Id",
                ],
              },
              ".us-east-1.aoss.amazonaws.com",
            ],
          ],
        },
        "IndexName": "bedrock-knowledge-base-default-index",
        "MetadataManagement": [
          {
            "DataType": "text",
            "Filterable": true,
            "MappingField": "AMAZON_BEDROCK_TEXT_CHUNK",
          },
          {
            "DataType": "text",
            "Filterable": false,
            "MappingField": "AMAZON_BEDROCK_METADATA",
          },
        ],
        "ServiceToken": {
          "Fn::GetAtt": [
            "AOSSCRProviderframeworkonEvent8EC7CF0A",
            "Arn",
          ],
        },
        "VectorField": "bedrock-knowledge-base-default-vector",
      },
      "Type": "Custom::OpenSearchIndex",
      "UpdateReplacePolicy": "Delete",
    },
    "KBKBVectorsAOSSApiAccessAllB0CB4242": {
      "Properties": {
        "Description": "",
        "Path": "/",
        "PolicyDocument": {
          "Statement": [
            {
              "Action": "aoss:APIAccessAll",
              "Effect": "Allow",
              "Resource": {
                "Fn::GetAtt": [
                  "KBKBVectorsVectorCollectionFFF498C9",
                  "Arn",
                ],
              },
            },
          ],
          "Version": "2012-10-17",
        },
      },
      "Type": "AWS::IAM::ManagedPolicy",
    },
    "KBKBVectorsDataAccessPolicyA8410509": {
      "Condition": "KBKBVectorsIsDataAccessPolicyNotEmptyA6892421",
      "Properties": {
        "Name": "dataaccesspolicy-c83d9152",
        "Policy": {
          "Fn::Join": [
            "",
            [
              "[{"Rules":[{"Resource":["collection/vectorstore-c83d9152"],"Permission":["aoss:DescribeCollectionItems","aoss:CreateCollectionItems","aoss:UpdateCollectionItems"],"ResourceType":"collection"},{"Resource":["index/vectorstore-c83d9152/*"],"Permission":["aoss:UpdateIndex","aoss:DescribeIndex","aoss:ReadDocument","aoss:WriteDocument","aoss:CreateIndex"],"ResourceType":"index"}],"Principal":["",
              {
                "Fn::GetAtt": [
                  "KBRole081DC46D",
                  "Arn",
                ],
              },
              ""],"Description":""}]",
            ],
          ],
        },
        "Type": "data",
      },
      "Type": "AWS::OpenSearchServerless::AccessPolicy",
    },
    "KBKBVectorsEncryptionPolicy08206F7B": {
      "Properties": {
        "Name": "encryptionpolicy-c83d9152",
        "Policy": "{"Rules":[{"ResourceType":"collection","Resource":["collection/vectorstore-c83d9152"]}],"AWSOwnedKey":true}",
        "Type": "encryption",
      },
      "Type": "AWS::OpenSearchServerless::SecurityPolicy",
    },
    "KBKBVectorsManageIndexPolicyC803ADF2": {
      "Properties": {
        "Name": "manageindexpolicy-c83d9152",
        "Policy": {
          "Fn::Join": [
            "",
            [
              "[{"Rules":[{"Resource":["index/vectorstore-c83d9152/*"],"Permission":["aoss:DescribeIndex","aoss:CreateIndex","aoss:DeleteIndex","aoss:UpdateIndex"],"ResourceType":"index"},{"Resource":["collection/vectorstore-c83d9152"],"Permission":["aoss:DescribeCollectionItems"],"ResourceType":"collection"}],"Principal":["",
              {
                "Fn::GetAtt": [
                  "AOSSCRProviderCRRole52D2573C",
                  "Arn",
                ],
              },
              ""],"Description":""}]",
            ],
          ],
        },
        "Type": "data",
      },
      "Type": "AWS::OpenSearchServerless::AccessPolicy",
    },
    "KBKBVectorsNetworkPolicy7FBE0E2B": {
      "Properties": {
        "Name": "networkpolicy-c83d9152",
        "Policy": "[{"Rules":[{"ResourceType":"collection","Resource":["collection/vectorstore-c83d9152"]},{"ResourceType":"dashboard","Resource":["collection/vectorstore-c83d9152"]}],"AllowFromPublic":true}]",
        "Type": "network",
      },
      "Type": "AWS::OpenSearchServerless::SecurityPolicy",
    },
    "KBKBVectorsVectorCollectionFFF498C9": {
      "DependsOn": [
        "KBKBVectorsEncryptionPolicy08206F7B",
        "KBKBVectorsNetworkPolicy7FBE0E2B",
      ],
      "Properties": {
        "Name": "vectorstore-c83d9152",
        "Type": "VECTORSEARCH",
      },
      "Type": "AWS::OpenSearchServerless::Collection",
    },
    "KBRole081DC46D": {
      "Metadata": {
        "cdk_nag": {
          "rules_to_suppress": [
            {
              "id": "AwsSolutions-IAM5",
              "reason": "The KB role needs read only access to all objects in the data source bucket.",
            },
          ],
        },
      },
      "Properties": {
        "AssumeRolePolicyDocument": {
          "Statement": [
            {
              "Action": "sts:AssumeRole",
              "Effect": "Allow",
              "Principal": {
                "Service": "bedrock.amazonaws.com",
              },
            },
            {
              "Action": "sts:AssumeRole",
              "Condition": {
                "ArnLike": {
                  "aws:SourceArn": {
                    "Fn::Join": [
                      "",
                      [
                        "arn:",
                        {
                          "Ref": "AWS::Partition",
                        },
                        ":bedrock:us-east-1:123456789012:knowledge-base/*",
                      ],
                    ],
                  },
                },
                "StringEquals": {
                  "aws:SourceAccount": "123456789012",
                },
              },
              "Effect": "Allow",
              "Principal": {
                "Service": "bedrock.amazonaws.com",
              },
            },
          ],
          "Version": "2012-10-17",
        },
        "ManagedPolicyArns": [
          {
            "Ref": "KBKBVectorsAOSSApiAccessAllB0CB4242",
          },
        ],
        "RoleName": "amazonbedrockexecutionroleforknowledgebase-32e548d8",
      },
      "Type": "AWS::IAM::Role",
    },
    "KBRoleDefaultPolicy1639354E": {
      "Metadata": {
        "cdk_nag": {
          "rules_to_suppress": [
            {
              "id": "AwsSolutions-IAM5",
              "reason": "The KB role needs read only access to all objects in the data source bucket.",
            },
          ],
        },
      },
      "Properties": {
        "PolicyDocument": {
          "Statement": [
            {
              "Action": "bedrock:InvokeModel",
              "Effect": "Allow",
              "Resource": "arn:aws:bedrock:us-east-1::foundation-model/amazon.titan-embed-text-v1",
            },
            {
              "Action": [
                "s3:GetObject*",
                "s3:GetBucket*",
                "s3:List*",
              ],
              "Effect": "Allow",
              "Resource": [
                {
                  "Fn::GetAtt": [
                    "DocBucket01E283E8",
                    "Arn",
                  ],
                },
                {
                  "Fn::Join": [
                    "",
                    [
                      {
                        "Fn::GetAtt": [
                          "DocBucket01E283E8",
                          "Arn",
                        ],
                      },
                      "/*",
                    ],
                  ],
                },
              ],
            },
          ],
          "Version": "2012-10-17",
        },
        "PolicyName": "KBRoleDefaultPolicy1639354E",
        "Roles": [
          {
            "Ref": "KBRole081DC46D",
          },
        ],
      },
      "Type": "AWS::IAM::Policy",
    },
    "LogRetentionaae0aa3c5b4d4f87b02d85b201efdd8aFD4BFC8A": {
      "DependsOn": [
        "LogRetentionaae0aa3c5b4d4f87b02d85b201efdd8aServiceRoleDefaultPolicyADDA7DEB",
        "LogRetentionaae0aa3c5b4d4f87b02d85b201efdd8aServiceRole9741ECFB",
      ],
      "Properties": {
        "Code": {
          "S3Bucket": "cdk-hnb659fds-assets-123456789012-us-east-1",
          "S3Key": "4e26bf2d0a26f2097fb2b261f22bb51e3f6b4b52635777b1e54edbd8e2d58c35.zip",
        },
        "Handler": "index.handler",
        "Role": {
          "Fn::GetAtt": [
            "LogRetentionaae0aa3c5b4d4f87b02d85b201efdd8aServiceRole9741ECFB",
            "Arn",
          ],
        },
        "Runtime": "nodejs18.x",
        "Timeout": 900,
      },
      "Type": "AWS::Lambda::Function",
    },
    "LogRetentionaae0aa3c5b4d4f87b02d85b201efdd8aServiceRole9741ECFB": {
      "Properties": {
        "AssumeRolePolicyDocument": {
          "Statement": [
            {
              "Action": "sts:AssumeRole",
              "Effect": "Allow",
              "Principal": {
                "Service": "lambda.amazonaws.com",
              },
            },
          ],
          "Version": "2012-10-17",
        },
        "ManagedPolicyArns": [
          {
            "Fn::Join": [
              "",
              [
                "arn:",
                {
                  "Ref": "AWS::Partition",
                },
                ":iam::aws:policy/service-role/AWSLambdaBasicExecutionRole",
              ],
            ],
          },
        ],
      },
      "Type": "AWS::IAM::Role",
    },
    "LogRetentionaae0aa3c5b4d4f87b02d85b201efdd8aServiceRoleDefaultPolicyADDA7DEB": {
      "Properties": {
        "PolicyDocument": {
          "Statement": [
            {
              "Action": [
                "logs:PutRetentionPolicy",
                "logs:DeleteRetentionPolicy",
              ],
              "Effect": "Allow",
              "Resource": "*",
            },
          ],
          "Version": "2012-10-17",
        },
        "PolicyName": "LogRetentionaae0aa3c5b4d4f87b02d85b201efdd8aServiceRoleDefaultPolicyADDA7DEB",
        "Roles": [
          {
            "Ref": "LogRetentionaae0aa3c5b4d4f87b02d85b201efdd8aServiceRole9741ECFB",
          },
        ],
      },
      "Type": "AWS::IAM::Policy",
    },
  },
  "Rules": {
    "CheckBootstrapVersion": {
      "Assertions": [
        {
          "Assert": {
            "Fn::Not": [
              {
                "Fn::Contains": [
                  [
                    "1",
                    "2",
                    "3",
                    "4",
                    "5",
                  ],
                  {
                    "Ref": "BootstrapVersion",
                  },
                ],
              },
            ],
          },
          "AssertDescription": "CDK bootstrap stack version 6 required. Please run 'cdk bootstrap' with a recent version of the CDK CLI.",
        },
      ],
    },
  },
}
`;
